Pathway	Positive	Zero	Negative	Pct Positive	Average Correlation
Glycine, Serine and Threonine Metabolism				0	28	0	0.0	0.0
Alanine and Aspartate Metabolism				1	9	0	10.0	0.0942857146263
Glutamate Metabolism				0	10	0	0.0	0.0
Histidine Metabolism				0	3	0	0.0	0.0
Lysine Metabolism				0	10	0	0.0	0.0
Phenylalanine and Tyrosine Metabolism				0	10	0	0.0	0.0
Tryptophan Metabolism				0	15	0	0.0	0.0
Leucine, Isoleucine and Valine Metabolism				1	14	0	6.66666666667	0.061333334446
Methionine, Cysteine, SAM and Taurine Metabolism				0	10	0	0.0	0.0
Urea cycle; Arginine and Proline Metabolism				0	15	0	0.0	0.0
Creatine Metabolism				0	1	0	0.0	0.0
Polyamine Metabolism				0	6	0	0.0	0.0
Glutathione Metabolism				0	6	0	0.0	0.0
Gamma-glutamyl Amino Acid				0	1	0	0.0	0.0
Glycolysis, Gluconeogenesis, and Pyruvate Metabolism				0	6	0	0.0	0.0
Pentose Metabolism				0	6	0	0.0	0.0
Glycogen Metabolism				0	1	0	0.0	0.0
Fructose, Mannose and Galactose Metabolism				0	1	0	0.0	0.0
Aminosugar Metabolism				0	3	0	0.0	0.0
TCA Cycle				0	14	1	0.0	-0.0628571430842
Fatty Acid, Dicarboxylate				0	6	0	0.0	0.0
Fatty Acid Metabolism (also BCAA Metabolism)				0	1	0	0.0	0.0
Fatty Acid Metabolism(Acyl Carnitine)				0	6	0	0.0	0.0
Carnitine Metabolism				0	1	0	0.0	0.0
Phospholipid Metabolism				180	316	0	36.2903225806	0.349308756571
Phosphatidylserine (PS)				0	1	0	0.0	0.0
Lysolipid				1	9	0	10.0	0.0941123962402
Plasmalogen				3	12	0	20.0	0.192380952835
Glycerolipid Metabolism				0	1	0	0.0	0.0
Diacylglycerol				0	1	0	0.0	0.0
Sphingolipid Metabolism				3	117	0	2.5	0.0233809525768
Purine Metabolism, (Hypo)Xanthine/Inosine containing				1	9	0	10.0	0.1
Purine Metabolism, Adenine containing				0	3	0	0.0	0.0
Purine Metabolism, Guanine containing				0	1	0	0.0	0.0
Pyrimidine Metabolism, Uracil containing				0	3	0	0.0	0.0
Pyrimidine Metabolism, Cytidine containing				0	6	0	0.0	0.0
Nicotinate and Nicotinamide Metabolism				0	10	0	0.0	0.0
Ascorbate and Aldarate Metabolism				0	1	0	0.0	0.0
Benzoate Metabolism				0	10	0	0.0	0.0
anthine Metabolism				1	2	0	33.3333333333	0.333333333333
Tobacco Metabolite				0	1	0	0.0	0.0
Food Component/Plant				0	15	0	0.0	0.0
Drug				0	55	0	0.0	0.0
Chemical				0	1	0	0.0	0.0
